// Jest Snapshot v1, https://goo.gl/fbAQLP

exports[`App renders correctly renders components correctly 1`] = `
ShallowWrapper {
  "length": 1,
  Symbol(enzyme.__root__): [Circular],
  Symbol(enzyme.__unrendered__): <App />,
  Symbol(enzyme.__renderer__): Object {
    "batchedUpdates": [Function],
    "getNode": [Function],
    "render": [Function],
    "simulateEvent": [Function],
    "unmount": [Function],
  },
  Symbol(enzyme.__node__): Object {
    "instance": null,
    "key": undefined,
    "nodeType": "class",
    "props": Object {
      "align": "center",
      "bsClass": "container",
      "children": Array [
        <Row
          bsClass="row"
          className="row-title"
          componentClass="div"
          width={100}
>
          <Title
                    header="LEGO"
          />
</Row>,
        <Row
          bsClass="row"
          className="row-button"
          componentClass="div"
          width={100}
>
          <Button
                    image="https://upload.wikimedia.org/wikipedia/commons/thumb/6/6c/Star_Wars_Logo.svg/1200px-Star_Wars_Logo.svg.png"
                    onClick={[Function]}
          />
</Row>,
        <Row
          bsClass="row"
          className="stars-page"
          componentClass="div"
          width={120}
/>,
      ],
      "className": "grid-style",
      "componentClass": "div",
      "fluid": false,
      "style": Object {
        "backgroundImage": "url(dark.jpg)",
      },
      "width": 500,
    },
    "ref": null,
    "rendered": Array [
      Object {
        "instance": null,
        "key": undefined,
        "nodeType": "class",
        "props": Object {
          "bsClass": "row",
          "children": <Title
            header="LEGO"
/>,
          "className": "row-title",
          "componentClass": "div",
          "width": 100,
        },
        "ref": null,
        "rendered": Object {
          "instance": null,
          "key": undefined,
          "nodeType": "function",
          "props": Object {
            "header": "LEGO",
          },
          "ref": null,
          "rendered": null,
          "type": [Function],
        },
        "type": [Function],
      },
      Object {
        "instance": null,
        "key": undefined,
        "nodeType": "class",
        "props": Object {
          "bsClass": "row",
          "children": <Button
            image="https://upload.wikimedia.org/wikipedia/commons/thumb/6/6c/Star_Wars_Logo.svg/1200px-Star_Wars_Logo.svg.png"
            onClick={[Function]}
/>,
          "className": "row-button",
          "componentClass": "div",
          "width": 100,
        },
        "ref": null,
        "rendered": Object {
          "instance": null,
          "key": undefined,
          "nodeType": "function",
          "props": Object {
            "image": "https://upload.wikimedia.org/wikipedia/commons/thumb/6/6c/Star_Wars_Logo.svg/1200px-Star_Wars_Logo.svg.png",
            "onClick": [Function],
          },
          "ref": null,
          "rendered": null,
          "type": [Function],
        },
        "type": [Function],
      },
      Object {
        "instance": null,
        "key": undefined,
        "nodeType": "class",
        "props": Object {
          "bsClass": "row",
          "children": null,
          "className": "stars-page",
          "componentClass": "div",
          "width": 120,
        },
        "ref": null,
        "rendered": null,
        "type": [Function],
      },
    ],
    "type": [Function],
  },
  Symbol(enzyme.__nodes__): Array [
    Object {
      "instance": null,
      "key": undefined,
      "nodeType": "class",
      "props": Object {
        "align": "center",
        "bsClass": "container",
        "children": Array [
          <Row
            bsClass="row"
            className="row-title"
            componentClass="div"
            width={100}
>
            <Title
                        header="LEGO"
            />
</Row>,
          <Row
            bsClass="row"
            className="row-button"
            componentClass="div"
            width={100}
>
            <Button
                        image="https://upload.wikimedia.org/wikipedia/commons/thumb/6/6c/Star_Wars_Logo.svg/1200px-Star_Wars_Logo.svg.png"
                        onClick={[Function]}
            />
</Row>,
          <Row
            bsClass="row"
            className="stars-page"
            componentClass="div"
            width={120}
/>,
        ],
        "className": "grid-style",
        "componentClass": "div",
        "fluid": false,
        "style": Object {
          "backgroundImage": "url(dark.jpg)",
        },
        "width": 500,
      },
      "ref": null,
      "rendered": Array [
        Object {
          "instance": null,
          "key": undefined,
          "nodeType": "class",
          "props": Object {
            "bsClass": "row",
            "children": <Title
              header="LEGO"
/>,
            "className": "row-title",
            "componentClass": "div",
            "width": 100,
          },
          "ref": null,
          "rendered": Object {
            "instance": null,
            "key": undefined,
            "nodeType": "function",
            "props": Object {
              "header": "LEGO",
            },
            "ref": null,
            "rendered": null,
            "type": [Function],
          },
          "type": [Function],
        },
        Object {
          "instance": null,
          "key": undefined,
          "nodeType": "class",
          "props": Object {
            "bsClass": "row",
            "children": <Button
              image="https://upload.wikimedia.org/wikipedia/commons/thumb/6/6c/Star_Wars_Logo.svg/1200px-Star_Wars_Logo.svg.png"
              onClick={[Function]}
/>,
            "className": "row-button",
            "componentClass": "div",
            "width": 100,
          },
          "ref": null,
          "rendered": Object {
            "instance": null,
            "key": undefined,
            "nodeType": "function",
            "props": Object {
              "image": "https://upload.wikimedia.org/wikipedia/commons/thumb/6/6c/Star_Wars_Logo.svg/1200px-Star_Wars_Logo.svg.png",
              "onClick": [Function],
            },
            "ref": null,
            "rendered": null,
            "type": [Function],
          },
          "type": [Function],
        },
        Object {
          "instance": null,
          "key": undefined,
          "nodeType": "class",
          "props": Object {
            "bsClass": "row",
            "children": null,
            "className": "stars-page",
            "componentClass": "div",
            "width": 120,
          },
          "ref": null,
          "rendered": null,
          "type": [Function],
        },
      ],
      "type": [Function],
    },
  ],
  Symbol(enzyme.__options__): Object {
    "adapter": ReactSixteenAdapter {
      "options": Object {
        "enableComponentDidUpdateOnSetState": true,
      },
    },
    "disableLifecycleMethods": true,
  },
}
`;
