// Jest Snapshot v1, https://goo.gl/fbAQLP

exports[`Title renders components correctly renders Title component correctly 1`] = `
ShallowWrapper {
  "length": 1,
  Symbol(enzyme.__root__): [Circular],
  Symbol(enzyme.__unrendered__): <Title />,
  Symbol(enzyme.__renderer__): Object {
    "batchedUpdates": [Function],
    "getNode": [Function],
    "render": [Function],
    "simulateEvent": [Function],
    "unmount": [Function],
  },
  Symbol(enzyme.__node__): Object {
    "instance": null,
    "key": undefined,
    "nodeType": "host",
    "props": Object {
      "children": <styled.text>
        <h1
                style={
                        Object {
                                "backgroundColor": "red",
                                "display": "inline",
                              }
                }
        >
                 
                 
        </h1>
</styled.text>,
    },
    "ref": null,
    "rendered": Object {
      "instance": null,
      "key": undefined,
      "nodeType": "class",
      "props": Object {
        "children": <h1
          style={
                    Object {
                              "backgroundColor": "red",
                              "display": "inline",
                            }
          }
>
           
           
</h1>,
      },
      "ref": null,
      "rendered": Object {
        "instance": null,
        "key": undefined,
        "nodeType": "host",
        "props": Object {
          "children": Array [
            " ",
            undefined,
            " ",
          ],
          "style": Object {
            "backgroundColor": "red",
            "display": "inline",
          },
        },
        "ref": null,
        "rendered": Array [
          " ",
          undefined,
          " ",
        ],
        "type": "h1",
      },
      "type": [Function],
    },
    "type": "div",
  },
  Symbol(enzyme.__nodes__): Array [
    Object {
      "instance": null,
      "key": undefined,
      "nodeType": "host",
      "props": Object {
        "children": <styled.text>
          <h1
                    style={
                              Object {
                                        "backgroundColor": "red",
                                        "display": "inline",
                                      }
                    }
          >
                     
                     
          </h1>
</styled.text>,
      },
      "ref": null,
      "rendered": Object {
        "instance": null,
        "key": undefined,
        "nodeType": "class",
        "props": Object {
          "children": <h1
            style={
                        Object {
                                    "backgroundColor": "red",
                                    "display": "inline",
                                  }
            }
>
             
             
</h1>,
        },
        "ref": null,
        "rendered": Object {
          "instance": null,
          "key": undefined,
          "nodeType": "host",
          "props": Object {
            "children": Array [
              " ",
              undefined,
              " ",
            ],
            "style": Object {
              "backgroundColor": "red",
              "display": "inline",
            },
          },
          "ref": null,
          "rendered": Array [
            " ",
            undefined,
            " ",
          ],
          "type": "h1",
        },
        "type": [Function],
      },
      "type": "div",
    },
  ],
  Symbol(enzyme.__options__): Object {
    "adapter": ReactSixteenAdapter {
      "options": Object {
        "enableComponentDidUpdateOnSetState": true,
      },
    },
    "disableLifecycleMethods": true,
  },
}
`;
